// Jest Snapshot v1, https://goo.gl/fbAQLP

exports[`Snapshot 1`] = `
<DocumentFragment>
  <footer
    class="footer-wrapper"
  >
    <p
      class="footer-wrapper__link"
    >
      Made by 
      <a
        href="https://martalewan.com/"
      >
        Marta Lewan
      </a>
    </p>
    <p
      class="footer-wrapper__link"
    >
      2022
    </p>
  </footer>
</DocumentFragment>
`;
